[runner] thermal_regime=clean-swap, default system power policy, no intentional cooldown
[runner] cpu_regime=CPUQuota 200%, CPUWeight 10; at most 2 logical CPUs aggregate
[runner] memory_regime=requested 36-GiB CPU cache with 6-GiB MemAvailable reserve
[runner] cgroup_memory_regime=MemoryHigh 34G, MemoryMax 38G
[runner] measurement_N=1 generation_tokens=64
[runner] mode=pack
[runner] preflight_free_vram_mib=23672
[runner] preflight_load_one=2.13
[runner] git_head=650d45c496ecb2d5cae009e1b3e03d347e2db8ea
ebecf5b8dcd1b6598c480e554199c08c361832ac23611821d517115ff8dfe093  /tmp/bw24-run-spec
8bf23e565f64baec94f9b40f1848d179e17e42b87784db1c1d3def5ea89fa031  /tmp/libbw24-cpu-experts-headroom-final.so
 17:51:12 up 16 days,  3:02,  2 users,  load average: 2.13, 4.43, 5.23
               total        used        free      shared  buff/cache   available
Mem:            60Gi        25Gi        27Gi        11Gi        20Gi        35Gi
Swap:          8.0Gi        81Mi       7.9Gi
NAME      TYPE SIZE  USED PRIO
/swap.img file   8G 81.2M   -1
MemAvailable:   37562636 kB
SwapFree:        8305460 kB
Dirty:              3940 kB
Writeback:             0 kB
procs -----------memory---------- ---swap-- -----io---- -system-- -------cpu-------
 r  b   swpd   free   buff  cache   si   so    bi    bo   in   cs us sy id wa st gu
 1  0  83144 28873644 911884 20772740  520  576 62770  3797 23532   16 13  5 82  0  0  0
 0  1  83144 28756900 970920 20815936    0    0 59116  1016 32621 45563  4  2 92  2  0  0
 3  0  83144 28745028 1045504 20795368    0    0 74580    36 32739 46586  3  1 93  3  0  0
2026/07/20 17:51:14.581, NVIDIA GeForce RTX 5090 Laptop GPU, 50, 8.77 W, 0 %, 312 MiB, 23672 MiB
