[runner] thermal_regime=clean-swap, default system power policy, no intentional cooldown
[runner] memory_regime=requested 36-GiB CPU cache with 6-GiB MemAvailable reserve
[runner] measurement_N=1 generation_tokens=64
[runner] mode=pack
[runner] preflight_free_vram_mib=23672
[runner] git_head=650d45c496ecb2d5cae009e1b3e03d347e2db8ea
ebecf5b8dcd1b6598c480e554199c08c361832ac23611821d517115ff8dfe093  /home/avifenesh/.codex/worktrees/e25d/bw24/target/release/run-spec
8bf23e565f64baec94f9b40f1848d179e17e42b87784db1c1d3def5ea89fa031  /tmp/libbw24-cpu-experts-headroom-final.so
 17:36:58 up 16 days,  2:48,  2 users,  load average: 1.98, 2.32, 5.70
               total        used        free      shared  buff/cache   available
Mem:            60Gi        23Gi        22Gi       8.8Gi        24Gi        37Gi
Swap:          8.0Gi        80Mi       7.9Gi
NAME      TYPE SIZE  USED PRIO
/swap.img file   8G 80.9M   -1
MemAvailable:   39119432 kB
SwapFree:        8305788 kB
Dirty:              6920 kB
Writeback:             0 kB
procs -----------memory---------- ---swap-- -----io---- -system-- -------cpu-------
 r  b   swpd   free   buff  cache   si   so    bi    bo   in   cs us sy id wa st gu
 0  0  82816 23571444 118852 25331276  515  570 62785  3792 23533   16 13  5 82  0  0  0
 0  0  82816 23597192 118852 25330268    0    0     0  2392 19230 24842  2  1 97  0  0  0
 3  0  82816 23588684 118868 25331220    0    0  1112   472 14524 24501  3  1 97  0  0  0
2026/07/20 17:37:01.015, NVIDIA GeForce RTX 5090 Laptop GPU, 53, 9.14 W, 0 %, 312 MiB, 23672 MiB
